┏━━━━━━━━━━━━━━━━━━━━━━┳━━━━━━━━━━┳━━━━━━━━━━┳━━━━━━━━━━┳━━━━━━━━━━┳━━━━━━━━━━━┳━━━━━━━━━━┳━━━━━━━━━━━┳━━━━━━━━━━┳━━━━━━━━━━━┳━━━━━━━━━━┳━━━━━━━━━━━┳━━━━━━━━━━┓
┃                      ┃ Hold     ┃ Reg to   ┃          ┃          ┃ of which  ┃ Setup    ┃           ┃          ┃           ┃ of which ┃           ┃          ┃
┃                      ┃ Worst    ┃ Reg      ┃          ┃ Hold Vio ┃ reg to    ┃ Worst    ┃ Reg to    ┃ Setup    ┃ Setup Vio ┃ reg to   ┃ Max Cap   ┃ Max Slew ┃
┃ Corner/Group         ┃ Slack    ┃ Paths    ┃ Hold TNS ┃ Count    ┃ reg       ┃ Slack    ┃ Reg Paths ┃ TNS      ┃ Count     ┃ reg      ┃ Violatio… ┃ Violati… ┃
┡━━━━━━━━━━━━━━━━━━━━━━╇━━━━━━━━━━╇━━━━━━━━━━╇━━━━━━━━━━╇━━━━━━━━━━╇━━━━━━━━━━━╇━━━━━━━━━━╇━━━━━━━━━━━╇━━━━━━━━━━╇━━━━━━━━━━━╇━━━━━━━━━━╇━━━━━━━━━━━╇━━━━━━━━━━┩
│ Overall              │ 0.1311   │ 0.1311   │ 0.0000   │ 0        │ 0         │ -85.5149 │ 5.3724    │ -10822.… │ 1152      │ 0        │ 53        │ 43149    │
│ nom_tt_025C_1v80     │ 0.3570   │ 0.3570   │ 0.0000   │ 0        │ 0         │ -40.8871 │ 7.6323    │ -5159.6… │ 128       │ 0        │ 41        │ 1464     │
│ nom_ss_100C_1v60     │ 0.9833   │ 0.9833   │ 0.0000   │ 0        │ 0         │ -83.1062 │ 5.4099    │ -10523.… │ 128       │ 0        │ 44        │ 36527    │
│ nom_ff_n40C_1v95     │ 0.1362   │ 0.1362   │ 0.0000   │ 0        │ 0         │ -24.0114 │ 8.3788    │ -3013.7… │ 128       │ 0        │ 41        │ 0        │
│ min_tt_025C_1v80     │ 0.3498   │ 0.3498   │ 0.0000   │ 0        │ 0         │ -39.4459 │ 7.6515    │ -4979.5… │ 128       │ 0        │ 35        │ 577      │
│ min_ss_100C_1v60     │ 0.9709   │ 0.9709   │ 0.0000   │ 0        │ 0         │ -80.5502 │ 5.4443    │ -10211.… │ 128       │ 0        │ 35        │ 29148    │
│ min_ff_n40C_1v95     │ 0.1311   │ 0.1311   │ 0.0000   │ 0        │ 0         │ -23.0771 │ 8.3916    │ -2895.7… │ 128       │ 0        │ 35        │ 0        │
│ max_tt_025C_1v80     │ 0.3640   │ 0.3640   │ 0.0000   │ 0        │ 0         │ -42.2484 │ 7.6118    │ -5332.8… │ 128       │ 0        │ 44        │ 3123     │
│ max_ss_100C_1v60     │ 0.9955   │ 0.9955   │ 0.0000   │ 0        │ 0         │ -85.5149 │ 5.3724    │ -10822.… │ 128       │ 0        │ 53        │ 43149    │
│ max_ff_n40C_1v95     │ 0.1411   │ 0.1411   │ 0.0000   │ 0        │ 0         │ -24.9272 │ 8.3649    │ -3131.1… │ 128       │ 0        │ 44        │ 32       │
└──────────────────────┴──────────┴──────────┴──────────┴──────────┴───────────┴──────────┴───────────┴──────────┴───────────┴──────────┴───────────┴──────────┘
